2025-05-26 21:36:50.858 | INFO     | __main__:<module>:5 - ✅ Configuration loaded:
2025-05-26 21:36:50.864 | INFO     | __main__:<module>:6 - !!python/object:bank_marketing.config.ProjectConfig
__dict__:
  cat_features:
  - job
  - marital
  - education
  - default
  - housing
  - loan
  - contact
  - month
  - poutcome
  catalog_name: mlops_dev
  num_features:
  - age
  - balance
  - day
  - duration
  - campaign
  - pdays
  - previous
  parameters:
    learning_rate: 0.05
    max_depth: 4
    n_estimators: 200
    random_state: 42
  schema_name: smadhuba
  target: Target
  volume_name: bank_marketing_dev
__pydantic_extra__: null
__pydantic_fields_set__: !!set
  cat_features: null
  catalog_name: null
  num_features: null
  parameters: null
  schema_name: null
  target: null
  volume_name: null
__pydantic_private__: null

2025-05-26 21:36:57.963 | INFO     | __main__:<module>:6 - 📥 Data loaded from: ../data/data.csv - Shape: (45211, 17)
2025-05-26 21:37:00.972 | INFO     | __main__:<module>:5 - ⚙️ Preprocessing completed in: Elapsed time: 0.0943 seconds
2025-05-26 21:37:05.601 | INFO     | __main__:<module>:3 - 📊 Train shape: (36168, 17) | Test shape: (9043, 17)
2025-05-26 21:43:49.122 | INFO     | __main__:<module>:8 - 📦 Volume configured: /Volumes/mlops_dev/smadhuba/bank_marketing_dev
2025-05-26 21:47:20.033 | INFO     | __main__:<module>:3 - 💾 Saving train/test to Unity Catalog (raw + processed)
2025-05-26 21:48:17.628 | INFO     | __main__:<module>:7 - 🔁 Enabling Change Data Feed for tables
2025-05-26 21:48:26.870 | INFO     | __main__:<module>:12 - ✅ Data available in both raw and processed formats
2025-05-26 21:49:35.224 | INFO     | __main__:<module>:3 - 🔁 Enabling Change Data Feed for volumes
2025-05-26 21:49:36.464 | WARNING  | __main__:<module>:6 - ⚠️ Could not enable Change Data Feed for volumes: [DELTA_MISSING_DELTA_TABLE] `/Volumes/mlops_dev/smadhuba/bank_marketing_dev/raw/train` is not a Delta table.

JVM stacktrace:
com.databricks.sql.transaction.tahoe.DeltaAnalysisException
	at com.databricks.sql.transaction.tahoe.DeltaErrorsBase.notADeltaTableException(DeltaErrors.scala:567)
	at com.databricks.sql.transaction.tahoe.DeltaErrorsBase.notADeltaTableException$(DeltaErrors.scala:566)
	at com.databricks.sql.transaction.tahoe.DeltaErrors$.notADeltaTableException(DeltaErrors.scala:3579)
	at com.databricks.sql.transaction.tahoe.DeltaAnalysis$$anonfun$apply$1.applyOrElse(DeltaAnalysis.scala:743)
	at com.databricks.sql.transaction.tahoe.DeltaAnalysis$$anonfun$apply$1.applyOrElse(DeltaAnalysis.scala:115)
	at org.apache.spark.sql.catalyst.plans.logical.AnalysisHelper.$anonfun$resolveOperatorsDownWithPruning$2(AnalysisHelper.scala:219)
	at org.apache.spark.sql.catalyst.trees.CurrentOrigin$.withOrigin(origin.scala:85)
	at org.apache.spark.sql.catalyst.plans.logical.AnalysisHelper.$anonfun$resolveOperatorsDownWithPruning$1(AnalysisHelper.scala:219)
	at org.apache.spark.sql.catalyst.plans.logical.AnalysisHelper$.allowInvokingTransformsInAnalyzer(AnalysisHelper.scala:436)
	at org.apache.spark.sql.catalyst.plans.logical.AnalysisHelper.resolveOperatorsDownWithPruning(AnalysisHelper.scala:217)
	at org.apache.spark.sql.catalyst.plans.logical.AnalysisHelper.resolveOperatorsDownWithPruning$(AnalysisHelper.scala:213)
	at org.apache.spark.sql.catalyst.plans.logical.LogicalPlan.resolveOperatorsDownWithPruning(LogicalPlan.scala:40)
	at org.apache.spark.sql.catalyst.plans.logical.AnalysisHelper.$anonfun$resolveOperatorsDownWithPruning$4(AnalysisHelper.scala:224)
	at org.apache.spark.sql.catalyst.trees.UnaryLike.mapChildren(TreeNode.scala:1320)
	at org.apache.spark.sql.catalyst.trees.UnaryLike.mapChildren$(TreeNode.scala:1319)
	at org.apache.spark.sql.catalyst.plans.logical.SetTableProperties.mapChildren(v2AlterTableCommands.scala:131)
	at org.apache.spark.sql.catalyst.plans.logical.AnalysisHelper.$anonfun$resolveOperatorsDownWithPruning$1(AnalysisHelper.scala:224)
	at org.apache.spark.sql.catalyst.plans.logical.AnalysisHelper$.allowInvokingTransformsInAnalyzer(AnalysisHelper.scala:436)
	at org.apache.spark.sql.catalyst.plans.logical.AnalysisHelper.resolveOperatorsDownWithPruning(AnalysisHelper.scala:217)
	at org.apache.spark.sql.catalyst.plans.logical.AnalysisHelper.resolveOperatorsDownWithPruning$(AnalysisHelper.scala:213)
	at org.apache.spark.sql.catalyst.plans.logical.LogicalPlan.resolveOperatorsDownWithPruning(LogicalPlan.scala:40)
	at org.apache.spark.sql.catalyst.plans.logical.AnalysisHelper.resolveOperatorsDown(AnalysisHelper.scala:209)
	at org.apache.spark.sql.catalyst.plans.logical.AnalysisHelper.resolveOperatorsDown$(AnalysisHelper.scala:208)
	at org.apache.spark.sql.catalyst.plans.logical.LogicalPlan.resolveOperatorsDown(LogicalPlan.scala:40)
	at com.databricks.sql.transaction.tahoe.DeltaAnalysis.apply(DeltaAnalysis.scala:115)
	at com.databricks.sql.transaction.tahoe.DeltaAnalysis.apply(DeltaAnalysis.scala:109)
	at org.apache.spark.sql.catalyst.rules.RuleExecutor.$anonfun$execute$4(RuleExecutor.scala:327)
	at com.databricks.spark.util.FrameProfiler$.record(FrameProfiler.scala:94)
	at org.apache.spark.sql.catalyst.rules.RuleExecutor.$anonfun$execute$3(RuleExecutor.scala:327)
	at scala.collection.LinearSeqOptimized.foldLeft(LinearSeqOptimized.scala:126)
	at scala.collection.LinearSeqOptimized.foldLeft$(LinearSeqOptimized.scala:122)
	at scala.collection.immutable.List.foldLeft(List.scala:91)
	at org.apache.spark.sql.catalyst.rules.RuleExecutor.$anonfun$execute$2(RuleExecutor.scala:324)
	at scala.runtime.java8.JFunction0$mcV$sp.apply(JFunction0$mcV$sp.java:23)
	at com.databricks.spark.util.FrameProfiler$.record(FrameProfiler.scala:94)
	at org.apache.spark.sql.catalyst.rules.RuleExecutor.executeBatch$1(RuleExecutor.scala:307)
	at org.apache.spark.sql.catalyst.rules.RuleExecutor.$anonfun$execute$9(RuleExecutor.scala:411)
	at org.apache.spark.sql.catalyst.rules.RuleExecutor.$anonfun$execute$9$adapted(RuleExecutor.scala:411)
	at scala.collection.immutable.List.foreach(List.scala:431)
	at org.apache.spark.sql.catalyst.rules.RuleExecutor.$anonfun$execute$1(RuleExecutor.scala:411)
	at com.databricks.spark.util.FrameProfiler$.record(FrameProfiler.scala:94)
	at org.apache.spark.sql.catalyst.rules.RuleExecutor.execute(RuleExecutor.scala:270)
	at org.apache.spark.sql.catalyst.analysis.Analyzer.executeSameContext(Analyzer.scala:444)
	at org.apache.spark.sql.catalyst.analysis.Analyzer.$anonfun$execute$1(Analyzer.scala:437)
	at org.apache.spark.sql.catalyst.analysis.AnalysisContext$.withNewAnalysisContext(Analyzer.scala:350)
	at org.apache.spark.sql.catalyst.analysis.Analyzer.execute(Analyzer.scala:437)
	at org.apache.spark.sql.catalyst.analysis.Analyzer.execute(Analyzer.scala:369)
	at org.apache.spark.sql.catalyst.rules.RuleExecutor.$anonfun$executeAndTrack$1(RuleExecutor.scala:262)
	at org.apache.spark.sql.catalyst.QueryPlanningTracker$.withTracker(QueryPlanningTracker.scala:194)
	at org.apache.spark.sql.catalyst.rules.RuleExecutor.executeAndTrack(RuleExecutor.scala:262)
	at org.apache.spark.sql.catalyst.analysis.Analyzer.$anonfun$executeAndCheck$1(Analyzer.scala:422)
	at org.apache.spark.sql.catalyst.plans.logical.AnalysisHelper$.markInAnalyzer(AnalysisHelper.scala:443)
	at org.apache.spark.sql.catalyst.analysis.Analyzer.executeAndCheck(Analyzer.scala:421)
	at org.apache.spark.sql.execution.QueryExecution.$anonfun$analyzed$1(QueryExecution.scala:290)
	at com.databricks.spark.util.FrameProfiler$.record(FrameProfiler.scala:94)
	at org.apache.spark.sql.catalyst.QueryPlanningTracker.measurePhase(QueryPlanningTracker.scala:489)
	at org.apache.spark.sql.execution.QueryExecution.$anonfun$executePhase$5(QueryExecution.scala:653)
	at org.apache.spark.sql.execution.SQLExecution$.withExecutionPhase(SQLExecution.scala:144)
	at org.apache.spark.sql.execution.QueryExecution.$anonfun$executePhase$4(QueryExecution.scala:653)
	at org.apache.spark.sql.execution.QueryExecution$.withInternalError(QueryExecution.scala:1219)
	at org.apache.spark.sql.execution.QueryExecution.$anonfun$executePhase$2(QueryExecution.scala:652)
	at com.databricks.util.LexicalThreadLocal$Handle.runWith(LexicalThreadLocal.scala:63)
	at org.apache.spark.sql.execution.QueryExecution.$anonfun$executePhase$1(QueryExecution.scala:648)
	at org.apache.spark.sql.SparkSession.withActive(SparkSession.scala:1210)
	at org.apache.spark.sql.execution.QueryExecution.executePhase(QueryExecution.scala:648)
	at org.apache.spark.sql.execution.QueryExecution.analyzed$lzycompute(QueryExecution.scala:284)
	at org.apache.spark.sql.execution.QueryExecution.analyzed(QueryExecution.scala:283)
	at org.apache.spark.sql.execution.QueryExecution.assertAnalyzed(QueryExecution.scala:265)
	at org.apache.spark.sql.Dataset$.$anonfun$ofRows$2(Dataset.scala:130)
	at org.apache.spark.sql.SparkSession.withActive(SparkSession.scala:1210)
	at org.apache.spark.sql.SparkSession.$anonfun$withActiveAndFrameProfiler$1(SparkSession.scala:1217)
	at com.databricks.spark.util.FrameProfiler$.record(FrameProfiler.scala:94)
	at org.apache.spark.sql.SparkSession.withActiveAndFrameProfiler(SparkSession.scala:1217)
	at org.apache.spark.sql.Dataset$.ofRows(Dataset.scala:122)
	at org.apache.spark.sql.SparkSession.$anonfun$sql$4(SparkSession.scala:989)
	at org.apache.spark.sql.SparkSession.withActive(SparkSession.scala:1210)
	at org.apache.spark.sql.SparkSession.sql(SparkSession.scala:973)
	at org.apache.spark.sql.connect.planner.SparkConnectPlanner.executeSQL(SparkConnectPlanner.scala:3094)
	at org.apache.spark.sql.connect.planner.SparkConnectPlanner.handleSqlCommand(SparkConnectPlanner.scala:2928)
	at org.apache.spark.sql.connect.planner.SparkConnectPlanner.process(SparkConnectPlanner.scala:2865)
	at org.apache.spark.sql.connect.execution.ExecuteThreadRunner.handleCommand(ExecuteThreadRunner.scala:366)
	at org.apache.spark.sql.connect.execution.ExecuteThreadRunner.$anonfun$executeInternal$1(ExecuteThreadRunner.scala:280)
	at org.apache.spark.sql.connect.execution.ExecuteThreadRunner.$anonfun$executeInternal$1$adapted(ExecuteThreadRunner.scala:210)
	at org.apache.spark.sql.connect.service.SessionHolder.$anonfun$withSession$2(SessionHolder.scala:392)
	at org.apache.spark.sql.SparkSession.withActive(SparkSession.scala:1210)
	at org.apache.spark.sql.connect.service.SessionHolder.$anonfun$withSession$1(SessionHolder.scala:392)
	at org.apache.spark.JobArtifactSet$.withActiveJobArtifactState(JobArtifactSet.scala:97)
	at org.apache.spark.sql.artifact.ArtifactManager.$anonfun$withResources$1(ArtifactManager.scala:84)
	at org.apache.spark.util.Utils$.withContextClassLoader(Utils.scala:240)
	at org.apache.spark.sql.artifact.ArtifactManager.withResources(ArtifactManager.scala:83)
	at org.apache.spark.sql.connect.service.SessionHolder.withSession(SessionHolder.scala:391)
	at org.apache.spark.sql.connect.execution.ExecuteThreadRunner.executeInternal(ExecuteThreadRunner.scala:210)
	at org.apache.spark.sql.connect.execution.ExecuteThreadRunner.org$apache$spark$sql$connect$execution$ExecuteThreadRunner$$execute(ExecuteThreadRunner.scala:125)
	at org.apache.spark.sql.connect.execution.ExecuteThreadRunner$ExecutionThread.$anonfun$run$2(ExecuteThreadRunner.scala:592)
	at scala.runtime.java8.JFunction0$mcV$sp.apply(JFunction0$mcV$sp.java:23)
	at com.databricks.unity.UCSEphemeralState$Handle.runWith(UCSEphemeralState.scala:51)
	at com.databricks.unity.HandleImpl.runWith(UCSHandle.scala:104)
	at com.databricks.unity.HandleImpl.$anonfun$runWithAndClose$1(UCSHandle.scala:109)
	at scala.util.Using$.resource(Using.scala:269)
	at com.databricks.unity.HandleImpl.runWithAndClose(UCSHandle.scala:108)
	at org.apache.spark.sql.connect.execution.ExecuteThreadRunner$ExecutionThread.run(ExecuteThreadRunner.scala:592)
2025-05-26 21:49:57.462 | INFO     | __main__:<module>:3 - 🔁 Enabling Change Data Feed for volumes
2025-05-26 21:49:58.066 | WARNING  | __main__:<module>:6 - ⚠️ Could not enable Change Data Feed for volumes: [DELTA_MISSING_DELTA_TABLE] `/Volumes/mlops_dev/smadhuba/bank_marketing_dev/raw/train` is not a Delta table.

JVM stacktrace:
com.databricks.sql.transaction.tahoe.DeltaAnalysisException
	at com.databricks.sql.transaction.tahoe.DeltaErrorsBase.notADeltaTableException(DeltaErrors.scala:567)
	at com.databricks.sql.transaction.tahoe.DeltaErrorsBase.notADeltaTableException$(DeltaErrors.scala:566)
	at com.databricks.sql.transaction.tahoe.DeltaErrors$.notADeltaTableException(DeltaErrors.scala:3579)
	at com.databricks.sql.transaction.tahoe.DeltaAnalysis$$anonfun$apply$1.applyOrElse(DeltaAnalysis.scala:743)
	at com.databricks.sql.transaction.tahoe.DeltaAnalysis$$anonfun$apply$1.applyOrElse(DeltaAnalysis.scala:115)
	at org.apache.spark.sql.catalyst.plans.logical.AnalysisHelper.$anonfun$resolveOperatorsDownWithPruning$2(AnalysisHelper.scala:219)
	at org.apache.spark.sql.catalyst.trees.CurrentOrigin$.withOrigin(origin.scala:85)
	at org.apache.spark.sql.catalyst.plans.logical.AnalysisHelper.$anonfun$resolveOperatorsDownWithPruning$1(AnalysisHelper.scala:219)
	at org.apache.spark.sql.catalyst.plans.logical.AnalysisHelper$.allowInvokingTransformsInAnalyzer(AnalysisHelper.scala:436)
	at org.apache.spark.sql.catalyst.plans.logical.AnalysisHelper.resolveOperatorsDownWithPruning(AnalysisHelper.scala:217)
	at org.apache.spark.sql.catalyst.plans.logical.AnalysisHelper.resolveOperatorsDownWithPruning$(AnalysisHelper.scala:213)
	at org.apache.spark.sql.catalyst.plans.logical.LogicalPlan.resolveOperatorsDownWithPruning(LogicalPlan.scala:40)
	at org.apache.spark.sql.catalyst.plans.logical.AnalysisHelper.$anonfun$resolveOperatorsDownWithPruning$4(AnalysisHelper.scala:224)
	at org.apache.spark.sql.catalyst.trees.UnaryLike.mapChildren(TreeNode.scala:1320)
	at org.apache.spark.sql.catalyst.trees.UnaryLike.mapChildren$(TreeNode.scala:1319)
	at org.apache.spark.sql.catalyst.plans.logical.SetTableProperties.mapChildren(v2AlterTableCommands.scala:131)
	at org.apache.spark.sql.catalyst.plans.logical.AnalysisHelper.$anonfun$resolveOperatorsDownWithPruning$1(AnalysisHelper.scala:224)
	at org.apache.spark.sql.catalyst.plans.logical.AnalysisHelper$.allowInvokingTransformsInAnalyzer(AnalysisHelper.scala:436)
	at org.apache.spark.sql.catalyst.plans.logical.AnalysisHelper.resolveOperatorsDownWithPruning(AnalysisHelper.scala:217)
	at org.apache.spark.sql.catalyst.plans.logical.AnalysisHelper.resolveOperatorsDownWithPruning$(AnalysisHelper.scala:213)
	at org.apache.spark.sql.catalyst.plans.logical.LogicalPlan.resolveOperatorsDownWithPruning(LogicalPlan.scala:40)
	at org.apache.spark.sql.catalyst.plans.logical.AnalysisHelper.resolveOperatorsDown(AnalysisHelper.scala:209)
	at org.apache.spark.sql.catalyst.plans.logical.AnalysisHelper.resolveOperatorsDown$(AnalysisHelper.scala:208)
	at org.apache.spark.sql.catalyst.plans.logical.LogicalPlan.resolveOperatorsDown(LogicalPlan.scala:40)
	at com.databricks.sql.transaction.tahoe.DeltaAnalysis.apply(DeltaAnalysis.scala:115)
	at com.databricks.sql.transaction.tahoe.DeltaAnalysis.apply(DeltaAnalysis.scala:109)
	at org.apache.spark.sql.catalyst.rules.RuleExecutor.$anonfun$execute$4(RuleExecutor.scala:327)
	at com.databricks.spark.util.FrameProfiler$.record(FrameProfiler.scala:94)
	at org.apache.spark.sql.catalyst.rules.RuleExecutor.$anonfun$execute$3(RuleExecutor.scala:327)
	at scala.collection.LinearSeqOptimized.foldLeft(LinearSeqOptimized.scala:126)
	at scala.collection.LinearSeqOptimized.foldLeft$(LinearSeqOptimized.scala:122)
	at scala.collection.immutable.List.foldLeft(List.scala:91)
	at org.apache.spark.sql.catalyst.rules.RuleExecutor.$anonfun$execute$2(RuleExecutor.scala:324)
	at scala.runtime.java8.JFunction0$mcV$sp.apply(JFunction0$mcV$sp.java:23)
	at com.databricks.spark.util.FrameProfiler$.record(FrameProfiler.scala:94)
	at org.apache.spark.sql.catalyst.rules.RuleExecutor.executeBatch$1(RuleExecutor.scala:307)
	at org.apache.spark.sql.catalyst.rules.RuleExecutor.$anonfun$execute$9(RuleExecutor.scala:411)
	at org.apache.spark.sql.catalyst.rules.RuleExecutor.$anonfun$execute$9$adapted(RuleExecutor.scala:411)
	at scala.collection.immutable.List.foreach(List.scala:431)
	at org.apache.spark.sql.catalyst.rules.RuleExecutor.$anonfun$execute$1(RuleExecutor.scala:411)
	at com.databricks.spark.util.FrameProfiler$.record(FrameProfiler.scala:94)
	at org.apache.spark.sql.catalyst.rules.RuleExecutor.execute(RuleExecutor.scala:270)
	at org.apache.spark.sql.catalyst.analysis.Analyzer.executeSameContext(Analyzer.scala:444)
	at org.apache.spark.sql.catalyst.analysis.Analyzer.$anonfun$execute$1(Analyzer.scala:437)
	at org.apache.spark.sql.catalyst.analysis.AnalysisContext$.withNewAnalysisContext(Analyzer.scala:350)
	at org.apache.spark.sql.catalyst.analysis.Analyzer.execute(Analyzer.scala:437)
	at org.apache.spark.sql.catalyst.analysis.Analyzer.execute(Analyzer.scala:369)
	at org.apache.spark.sql.catalyst.rules.RuleExecutor.$anonfun$executeAndTrack$1(RuleExecutor.scala:262)
	at org.apache.spark.sql.catalyst.QueryPlanningTracker$.withTracker(QueryPlanningTracker.scala:194)
	at org.apache.spark.sql.catalyst.rules.RuleExecutor.executeAndTrack(RuleExecutor.scala:262)
	at org.apache.spark.sql.catalyst.analysis.Analyzer.$anonfun$executeAndCheck$1(Analyzer.scala:422)
	at org.apache.spark.sql.catalyst.plans.logical.AnalysisHelper$.markInAnalyzer(AnalysisHelper.scala:443)
	at org.apache.spark.sql.catalyst.analysis.Analyzer.executeAndCheck(Analyzer.scala:421)
	at org.apache.spark.sql.execution.QueryExecution.$anonfun$analyzed$1(QueryExecution.scala:290)
	at com.databricks.spark.util.FrameProfiler$.record(FrameProfiler.scala:94)
	at org.apache.spark.sql.catalyst.QueryPlanningTracker.measurePhase(QueryPlanningTracker.scala:489)
	at org.apache.spark.sql.execution.QueryExecution.$anonfun$executePhase$5(QueryExecution.scala:653)
	at org.apache.spark.sql.execution.SQLExecution$.withExecutionPhase(SQLExecution.scala:144)
	at org.apache.spark.sql.execution.QueryExecution.$anonfun$executePhase$4(QueryExecution.scala:653)
	at org.apache.spark.sql.execution.QueryExecution$.withInternalError(QueryExecution.scala:1219)
	at org.apache.spark.sql.execution.QueryExecution.$anonfun$executePhase$2(QueryExecution.scala:652)
	at com.databricks.util.LexicalThreadLocal$Handle.runWith(LexicalThreadLocal.scala:63)
	at org.apache.spark.sql.execution.QueryExecution.$anonfun$executePhase$1(QueryExecution.scala:648)
	at org.apache.spark.sql.SparkSession.withActive(SparkSession.scala:1210)
	at org.apache.spark.sql.execution.QueryExecution.executePhase(QueryExecution.scala:648)
	at org.apache.spark.sql.execution.QueryExecution.analyzed$lzycompute(QueryExecution.scala:284)
	at org.apache.spark.sql.execution.QueryExecution.analyzed(QueryExecution.scala:283)
	at org.apache.spark.sql.execution.QueryExecution.assertAnalyzed(QueryExecution.scala:265)
	at org.apache.spark.sql.Dataset$.$anonfun$ofRows$2(Dataset.scala:130)
	at org.apache.spark.sql.SparkSession.withActive(SparkSession.scala:1210)
	at org.apache.spark.sql.SparkSession.$anonfun$withActiveAndFrameProfiler$1(SparkSession.scala:1217)
	at com.databricks.spark.util.FrameProfiler$.record(FrameProfiler.scala:94)
	at org.apache.spark.sql.SparkSession.withActiveAndFrameProfiler(SparkSession.scala:1217)
	at org.apache.spark.sql.Dataset$.ofRows(Dataset.scala:122)
	at org.apache.spark.sql.SparkSession.$anonfun$sql$4(SparkSession.scala:989)
	at org.apache.spark.sql.SparkSession.withActive(SparkSession.scala:1210)
	at org.apache.spark.sql.SparkSession.sql(SparkSession.scala:973)
	at org.apache.spark.sql.connect.planner.SparkConnectPlanner.executeSQL(SparkConnectPlanner.scala:3094)
	at org.apache.spark.sql.connect.planner.SparkConnectPlanner.handleSqlCommand(SparkConnectPlanner.scala:2928)
	at org.apache.spark.sql.connect.planner.SparkConnectPlanner.process(SparkConnectPlanner.scala:2865)
	at org.apache.spark.sql.connect.execution.ExecuteThreadRunner.handleCommand(ExecuteThreadRunner.scala:366)
	at org.apache.spark.sql.connect.execution.ExecuteThreadRunner.$anonfun$executeInternal$1(ExecuteThreadRunner.scala:280)
	at org.apache.spark.sql.connect.execution.ExecuteThreadRunner.$anonfun$executeInternal$1$adapted(ExecuteThreadRunner.scala:210)
	at org.apache.spark.sql.connect.service.SessionHolder.$anonfun$withSession$2(SessionHolder.scala:392)
	at org.apache.spark.sql.SparkSession.withActive(SparkSession.scala:1210)
	at org.apache.spark.sql.connect.service.SessionHolder.$anonfun$withSession$1(SessionHolder.scala:392)
	at org.apache.spark.JobArtifactSet$.withActiveJobArtifactState(JobArtifactSet.scala:97)
	at org.apache.spark.sql.artifact.ArtifactManager.$anonfun$withResources$1(ArtifactManager.scala:84)
	at org.apache.spark.util.Utils$.withContextClassLoader(Utils.scala:240)
	at org.apache.spark.sql.artifact.ArtifactManager.withResources(ArtifactManager.scala:83)
	at org.apache.spark.sql.connect.service.SessionHolder.withSession(SessionHolder.scala:391)
	at org.apache.spark.sql.connect.execution.ExecuteThreadRunner.executeInternal(ExecuteThreadRunner.scala:210)
	at org.apache.spark.sql.connect.execution.ExecuteThreadRunner.org$apache$spark$sql$connect$execution$ExecuteThreadRunner$$execute(ExecuteThreadRunner.scala:125)
	at org.apache.spark.sql.connect.execution.ExecuteThreadRunner$ExecutionThread.$anonfun$run$2(ExecuteThreadRunner.scala:592)
	at scala.runtime.java8.JFunction0$mcV$sp.apply(JFunction0$mcV$sp.java:23)
	at com.databricks.unity.UCSEphemeralState$Handle.runWith(UCSEphemeralState.scala:51)
	at com.databricks.unity.HandleImpl.runWith(UCSHandle.scala:104)
	at com.databricks.unity.HandleImpl.$anonfun$runWithAndClose$1(UCSHandle.scala:109)
	at scala.util.Using$.resource(Using.scala:269)
	at com.databricks.unity.HandleImpl.runWithAndClose(UCSHandle.scala:108)
	at org.apache.spark.sql.connect.execution.ExecuteThreadRunner$ExecutionThread.run(ExecuteThreadRunner.scala:592)
2025-05-26 21:53:32.646 | INFO     | __main__:<module>:3 - 🔁 Enabling Change Data Feed for volumes
2025-05-26 21:53:33.403 | WARNING  | __main__:<module>:6 - ⚠️ ------> Could not enable Change Data Feed for volumes: [DELTA_MISSING_DELTA_TABLE] `/Volumes/mlops_dev/smadhuba/bank_marketing_dev/raw/train` is not a Delta table.

JVM stacktrace:
com.databricks.sql.transaction.tahoe.DeltaAnalysisException
	at com.databricks.sql.transaction.tahoe.DeltaErrorsBase.notADeltaTableException(DeltaErrors.scala:567)
	at com.databricks.sql.transaction.tahoe.DeltaErrorsBase.notADeltaTableException$(DeltaErrors.scala:566)
	at com.databricks.sql.transaction.tahoe.DeltaErrors$.notADeltaTableException(DeltaErrors.scala:3579)
	at com.databricks.sql.transaction.tahoe.DeltaAnalysis$$anonfun$apply$1.applyOrElse(DeltaAnalysis.scala:743)
	at com.databricks.sql.transaction.tahoe.DeltaAnalysis$$anonfun$apply$1.applyOrElse(DeltaAnalysis.scala:115)
	at org.apache.spark.sql.catalyst.plans.logical.AnalysisHelper.$anonfun$resolveOperatorsDownWithPruning$2(AnalysisHelper.scala:219)
	at org.apache.spark.sql.catalyst.trees.CurrentOrigin$.withOrigin(origin.scala:85)
	at org.apache.spark.sql.catalyst.plans.logical.AnalysisHelper.$anonfun$resolveOperatorsDownWithPruning$1(AnalysisHelper.scala:219)
	at org.apache.spark.sql.catalyst.plans.logical.AnalysisHelper$.allowInvokingTransformsInAnalyzer(AnalysisHelper.scala:436)
	at org.apache.spark.sql.catalyst.plans.logical.AnalysisHelper.resolveOperatorsDownWithPruning(AnalysisHelper.scala:217)
	at org.apache.spark.sql.catalyst.plans.logical.AnalysisHelper.resolveOperatorsDownWithPruning$(AnalysisHelper.scala:213)
	at org.apache.spark.sql.catalyst.plans.logical.LogicalPlan.resolveOperatorsDownWithPruning(LogicalPlan.scala:40)
	at org.apache.spark.sql.catalyst.plans.logical.AnalysisHelper.$anonfun$resolveOperatorsDownWithPruning$4(AnalysisHelper.scala:224)
	at org.apache.spark.sql.catalyst.trees.UnaryLike.mapChildren(TreeNode.scala:1320)
	at org.apache.spark.sql.catalyst.trees.UnaryLike.mapChildren$(TreeNode.scala:1319)
	at org.apache.spark.sql.catalyst.plans.logical.SetTableProperties.mapChildren(v2AlterTableCommands.scala:131)
	at org.apache.spark.sql.catalyst.plans.logical.AnalysisHelper.$anonfun$resolveOperatorsDownWithPruning$1(AnalysisHelper.scala:224)
	at org.apache.spark.sql.catalyst.plans.logical.AnalysisHelper$.allowInvokingTransformsInAnalyzer(AnalysisHelper.scala:436)
	at org.apache.spark.sql.catalyst.plans.logical.AnalysisHelper.resolveOperatorsDownWithPruning(AnalysisHelper.scala:217)
	at org.apache.spark.sql.catalyst.plans.logical.AnalysisHelper.resolveOperatorsDownWithPruning$(AnalysisHelper.scala:213)
	at org.apache.spark.sql.catalyst.plans.logical.LogicalPlan.resolveOperatorsDownWithPruning(LogicalPlan.scala:40)
	at org.apache.spark.sql.catalyst.plans.logical.AnalysisHelper.resolveOperatorsDown(AnalysisHelper.scala:209)
	at org.apache.spark.sql.catalyst.plans.logical.AnalysisHelper.resolveOperatorsDown$(AnalysisHelper.scala:208)
	at org.apache.spark.sql.catalyst.plans.logical.LogicalPlan.resolveOperatorsDown(LogicalPlan.scala:40)
	at com.databricks.sql.transaction.tahoe.DeltaAnalysis.apply(DeltaAnalysis.scala:115)
	at com.databricks.sql.transaction.tahoe.DeltaAnalysis.apply(DeltaAnalysis.scala:109)
	at org.apache.spark.sql.catalyst.rules.RuleExecutor.$anonfun$execute$4(RuleExecutor.scala:327)
	at com.databricks.spark.util.FrameProfiler$.record(FrameProfiler.scala:94)
	at org.apache.spark.sql.catalyst.rules.RuleExecutor.$anonfun$execute$3(RuleExecutor.scala:327)
	at scala.collection.LinearSeqOptimized.foldLeft(LinearSeqOptimized.scala:126)
	at scala.collection.LinearSeqOptimized.foldLeft$(LinearSeqOptimized.scala:122)
	at scala.collection.immutable.List.foldLeft(List.scala:91)
	at org.apache.spark.sql.catalyst.rules.RuleExecutor.$anonfun$execute$2(RuleExecutor.scala:324)
	at scala.runtime.java8.JFunction0$mcV$sp.apply(JFunction0$mcV$sp.java:23)
	at com.databricks.spark.util.FrameProfiler$.record(FrameProfiler.scala:94)
	at org.apache.spark.sql.catalyst.rules.RuleExecutor.executeBatch$1(RuleExecutor.scala:307)
	at org.apache.spark.sql.catalyst.rules.RuleExecutor.$anonfun$execute$9(RuleExecutor.scala:411)
	at org.apache.spark.sql.catalyst.rules.RuleExecutor.$anonfun$execute$9$adapted(RuleExecutor.scala:411)
	at scala.collection.immutable.List.foreach(List.scala:431)
	at org.apache.spark.sql.catalyst.rules.RuleExecutor.$anonfun$execute$1(RuleExecutor.scala:411)
	at com.databricks.spark.util.FrameProfiler$.record(FrameProfiler.scala:94)
	at org.apache.spark.sql.catalyst.rules.RuleExecutor.execute(RuleExecutor.scala:270)
	at org.apache.spark.sql.catalyst.analysis.Analyzer.executeSameContext(Analyzer.scala:444)
	at org.apache.spark.sql.catalyst.analysis.Analyzer.$anonfun$execute$1(Analyzer.scala:437)
	at org.apache.spark.sql.catalyst.analysis.AnalysisContext$.withNewAnalysisContext(Analyzer.scala:350)
	at org.apache.spark.sql.catalyst.analysis.Analyzer.execute(Analyzer.scala:437)
	at org.apache.spark.sql.catalyst.analysis.Analyzer.execute(Analyzer.scala:369)
	at org.apache.spark.sql.catalyst.rules.RuleExecutor.$anonfun$executeAndTrack$1(RuleExecutor.scala:262)
	at org.apache.spark.sql.catalyst.QueryPlanningTracker$.withTracker(QueryPlanningTracker.scala:194)
	at org.apache.spark.sql.catalyst.rules.RuleExecutor.executeAndTrack(RuleExecutor.scala:262)
	at org.apache.spark.sql.catalyst.analysis.Analyzer.$anonfun$executeAndCheck$1(Analyzer.scala:422)
	at org.apache.spark.sql.catalyst.plans.logical.AnalysisHelper$.markInAnalyzer(AnalysisHelper.scala:443)
	at org.apache.spark.sql.catalyst.analysis.Analyzer.executeAndCheck(Analyzer.scala:421)
	at org.apache.spark.sql.execution.QueryExecution.$anonfun$analyzed$1(QueryExecution.scala:290)
	at com.databricks.spark.util.FrameProfiler$.record(FrameProfiler.scala:94)
	at org.apache.spark.sql.catalyst.QueryPlanningTracker.measurePhase(QueryPlanningTracker.scala:489)
	at org.apache.spark.sql.execution.QueryExecution.$anonfun$executePhase$5(QueryExecution.scala:653)
	at org.apache.spark.sql.execution.SQLExecution$.withExecutionPhase(SQLExecution.scala:144)
	at org.apache.spark.sql.execution.QueryExecution.$anonfun$executePhase$4(QueryExecution.scala:653)
	at org.apache.spark.sql.execution.QueryExecution$.withInternalError(QueryExecution.scala:1219)
	at org.apache.spark.sql.execution.QueryExecution.$anonfun$executePhase$2(QueryExecution.scala:652)
	at com.databricks.util.LexicalThreadLocal$Handle.runWith(LexicalThreadLocal.scala:63)
	at org.apache.spark.sql.execution.QueryExecution.$anonfun$executePhase$1(QueryExecution.scala:648)
	at org.apache.spark.sql.SparkSession.withActive(SparkSession.scala:1210)
	at org.apache.spark.sql.execution.QueryExecution.executePhase(QueryExecution.scala:648)
	at org.apache.spark.sql.execution.QueryExecution.analyzed$lzycompute(QueryExecution.scala:284)
	at org.apache.spark.sql.execution.QueryExecution.analyzed(QueryExecution.scala:283)
	at org.apache.spark.sql.execution.QueryExecution.assertAnalyzed(QueryExecution.scala:265)
	at org.apache.spark.sql.Dataset$.$anonfun$ofRows$2(Dataset.scala:130)
	at org.apache.spark.sql.SparkSession.withActive(SparkSession.scala:1210)
	at org.apache.spark.sql.SparkSession.$anonfun$withActiveAndFrameProfiler$1(SparkSession.scala:1217)
	at com.databricks.spark.util.FrameProfiler$.record(FrameProfiler.scala:94)
	at org.apache.spark.sql.SparkSession.withActiveAndFrameProfiler(SparkSession.scala:1217)
	at org.apache.spark.sql.Dataset$.ofRows(Dataset.scala:122)
	at org.apache.spark.sql.SparkSession.$anonfun$sql$4(SparkSession.scala:989)
	at org.apache.spark.sql.SparkSession.withActive(SparkSession.scala:1210)
	at org.apache.spark.sql.SparkSession.sql(SparkSession.scala:973)
	at org.apache.spark.sql.connect.planner.SparkConnectPlanner.executeSQL(SparkConnectPlanner.scala:3094)
	at org.apache.spark.sql.connect.planner.SparkConnectPlanner.handleSqlCommand(SparkConnectPlanner.scala:2928)
	at org.apache.spark.sql.connect.planner.SparkConnectPlanner.process(SparkConnectPlanner.scala:2865)
	at org.apache.spark.sql.connect.execution.ExecuteThreadRunner.handleCommand(ExecuteThreadRunner.scala:366)
	at org.apache.spark.sql.connect.execution.ExecuteThreadRunner.$anonfun$executeInternal$1(ExecuteThreadRunner.scala:280)
	at org.apache.spark.sql.connect.execution.ExecuteThreadRunner.$anonfun$executeInternal$1$adapted(ExecuteThreadRunner.scala:210)
	at org.apache.spark.sql.connect.service.SessionHolder.$anonfun$withSession$2(SessionHolder.scala:392)
	at org.apache.spark.sql.SparkSession.withActive(SparkSession.scala:1210)
	at org.apache.spark.sql.connect.service.SessionHolder.$anonfun$withSession$1(SessionHolder.scala:392)
	at org.apache.spark.JobArtifactSet$.withActiveJobArtifactState(JobArtifactSet.scala:97)
	at org.apache.spark.sql.artifact.ArtifactManager.$anonfun$withResources$1(ArtifactManager.scala:84)
	at org.apache.spark.util.Utils$.withContextClassLoader(Utils.scala:240)
	at org.apache.spark.sql.artifact.ArtifactManager.withResources(ArtifactManager.scala:83)
	at org.apache.spark.sql.connect.service.SessionHolder.withSession(SessionHolder.scala:391)
	at org.apache.spark.sql.connect.execution.ExecuteThreadRunner.executeInternal(ExecuteThreadRunner.scala:210)
	at org.apache.spark.sql.connect.execution.ExecuteThreadRunner.org$apache$spark$sql$connect$execution$ExecuteThreadRunner$$execute(ExecuteThreadRunner.scala:125)
	at org.apache.spark.sql.connect.execution.ExecuteThreadRunner$ExecutionThread.$anonfun$run$2(ExecuteThreadRunner.scala:592)
	at scala.runtime.java8.JFunction0$mcV$sp.apply(JFunction0$mcV$sp.java:23)
	at com.databricks.unity.UCSEphemeralState$Handle.runWith(UCSEphemeralState.scala:51)
	at com.databricks.unity.HandleImpl.runWith(UCSHandle.scala:104)
	at com.databricks.unity.HandleImpl.$anonfun$runWithAndClose$1(UCSHandle.scala:109)
	at scala.util.Using$.resource(Using.scala:269)
	at com.databricks.unity.HandleImpl.runWithAndClose(UCSHandle.scala:108)
	at org.apache.spark.sql.connect.execution.ExecuteThreadRunner$ExecutionThread.run(ExecuteThreadRunner.scala:592)
